nohup: ignoring input

================================================================================
  CRYO1 -- ZERO-CAPITAL FLASH LOAN LIQUIDATION ENGINE
  Module 1: Stage-Gated Execution Pipeline
  Module 9: Omni-Scope Triangulation Engine
================================================================================

  Configuration Summary:
    Wallet:           0xB323C6E32C6efe28FB9cfB1A83F4071c544eA1e4
    Scan interval:    10s
    Min profit:       $2
    HF threshold:     1.05
    Gas cap:          50 gwei
    ML quality min:   0.3
    Bootstrap:        true
    RL tuning:        lr=0.1


================================================================================
  STAGE 0 — PRE-FLIGHT SYSTEM VALIDATION
================================================================================

  Verdict: 🟢  GO
  Wallet:  0xB323C6E32C6efe28FB9cfB1A83F4071c544eA1e4
  Treasury: 0xB323C6E32C6efe28FB9cfB1A83F4071c544eA1e4 ✅

  ─── Chains (connected) ───
    Ethereum     (ID     1): block 24,561,131  |  balance 0.012370  |  ✅
    Optimism     (ID    10): block 148,375,856  |  balance 0.000000  |  ⛽ NEED GAS
    BSC          (ID    56): block 84,009,888  |  balance 0.000000  |  ⛽ NEED GAS
    Polygon      (ID   137): block 83,615,230  |  balance 0.000000  |  ⛽ NEED GAS
    zkSync Era   (ID   324): block 68,836,767  |  balance 0.000000  |  ⛽ NEED GAS
    Base         (ID  8453): block 42,780,572  |  balance 0.003100  |  ✅
    Arbitrum     (ID 42161): block 437,134,410  |  balance 0.000000  |  ⛽ NEED GAS
    Avalanche    (ID 43114): block 79,276,321  |  balance 0.000000  |  ⛽ NEED GAS

  ⛽ Chains ready for execution: [1, 8453]

  ─── Contracts ───
    Executor V1: 0x76dF81F4E3F6058DD6… DEPLOYED ✅ owner
    Executor V2: 0xFf11E1d641f2ED7aD9… DEPLOYED ✅ owner
    Flash Executor: 0x8C7377e24030d84534… DEPLOYED ✅ owner

  ─── Stage Gates ───
    Stage 0 Pre-Flight:        ✅ (you are here)
    Stage 1 Detection:         ✅ (read-only, zero capital)
    Stage 2 Analysis:          ✅ (read-only, zero capital)
    Stage 3 Execution:         ✅ (requires gas)
    Stage 4 MEV Protection:    ✅ (requires gas)
    Stage 5 Cross-Chain:       ✅ (gas on 2+ chains)
    Stage 6 Profit Collection: ✅ (requires prior profits)

================================================================================

✅ Preflight passed. Starting pipeline…

2026-02-28 23:34:55  INFO      MODULE_1_LIQUIDATION_ENGINE.src.executors.liquidation_executor  LiquidationExecutor initialized
2026-02-28 23:34:55  INFO      MODULE_1_LIQUIDATION_ENGINE.src.executors.liquidation_executor    V1: 0x76dF81F4E3F6058DD6a9c0a6ed2f224b49375B9f
2026-02-28 23:34:55  INFO      MODULE_1_LIQUIDATION_ENGINE.src.executors.liquidation_executor    V2: 0xFf11E1d641f2ED7aD98629F04d1e103Ff6B44890
2026-02-28 23:34:55  INFO      MODULE_1_LIQUIDATION_ENGINE.pipeline  
================================================================================
2026-02-28 23:34:55  INFO      MODULE_1_LIQUIDATION_ENGINE.pipeline    MODULE 1 — ENHANCED FLASH LOAN LIQUIDATION ENGINE
2026-02-28 23:34:55  INFO      MODULE_1_LIQUIDATION_ENGINE.pipeline    Zero-Capital Profit Pipeline (Script 4 — Omni-Scope)
2026-02-28 23:34:55  INFO      MODULE_1_LIQUIDATION_ENGINE.pipeline  ================================================================================
2026-02-28 23:34:55  INFO      MODULE_1_LIQUIDATION_ENGINE.pipeline  
▸ STAGE 0: Pre-Flight Validation…

================================================================================
  STAGE 0 — PRE-FLIGHT SYSTEM VALIDATION
================================================================================

  Verdict: 🟢  GO
  Wallet:  0xB323C6E32C6efe28FB9cfB1A83F4071c544eA1e4
  Treasury: 0xB323C6E32C6efe28FB9cfB1A83F4071c544eA1e4 ✅

  ─── Chains (connected) ───
    Ethereum     (ID     1): block 24,561,131  |  balance 0.012370  |  ✅
    Optimism     (ID    10): block 148,375,859  |  balance 0.000000  |  ⛽ NEED GAS
    BSC          (ID    56): block 84,009,901  |  balance 0.000000  |  ⛽ NEED GAS
    Polygon      (ID   137): block 83,615,233  |  balance 0.000000  |  ⛽ NEED GAS
    zkSync Era   (ID   324): block 68,836,767  |  balance 0.000000  |  ⛽ NEED GAS
    Base         (ID  8453): block 42,780,574  |  balance 0.003100  |  ✅
    Arbitrum     (ID 42161): block 437,134,433  |  balance 0.000000  |  ⛽ NEED GAS
    Avalanche    (ID 43114): block 79,276,326  |  balance 0.000000  |  ⛽ NEED GAS

  ⛽ Chains ready for execution: [1, 8453]

  ─── Contracts ───
    Executor V1: 0x76dF81F4E3F6058DD6… DEPLOYED ✅ owner
    Executor V2: 0xFf11E1d641f2ED7aD9… DEPLOYED ✅ owner
    Flash Executor: 0x8C7377e24030d84534… DEPLOYED ✅ owner

  ─── Stage Gates ───
    Stage 0 Pre-Flight:        ✅ (you are here)
    Stage 1 Detection:         ✅ (read-only, zero capital)
    Stage 2 Analysis:          ✅ (read-only, zero capital)
    Stage 3 Execution:         ✅ (requires gas)
    Stage 4 MEV Protection:    ✅ (requires gas)
    Stage 5 Cross-Chain:       ✅ (gas on 2+ chains)
    Stage 6 Profit Collection: ✅ (requires prior profits)

================================================================================
2026-02-28 23:34:59  INFO      MODULE_1_LIQUIDATION_ENGINE.pipeline  
▸ STAGE 1: Initializing Enhanced Detector + NFT + DEX Arb Scanner…
2026-02-28 23:34:59  INFO      MODULE_1_LIQUIDATION_ENGINE.stage_1_detection.opportunity_detector  ✅ Chain 1 (Ethereum) — block 24561131
2026-02-28 23:34:59  INFO      MODULE_1_LIQUIDATION_ENGINE.stage_1_detection.opportunity_detector  ✅ Chain 42161 (Arbitrum) — block 437134447
2026-02-28 23:35:00  INFO      MODULE_1_LIQUIDATION_ENGINE.stage_1_detection.opportunity_detector  ✅ Chain 10 (Optimism) — block 148375861
2026-02-28 23:35:00  INFO      MODULE_1_LIQUIDATION_ENGINE.stage_1_detection.opportunity_detector  ✅ Chain 8453 (Base) — block 42780576
2026-02-28 23:35:00  INFO      MODULE_1_LIQUIDATION_ENGINE.stage_1_detection.opportunity_detector  ✅ Chain 137 (Polygon) — block 83615234
2026-02-28 23:35:00  INFO      MODULE_1_LIQUIDATION_ENGINE.stage_1_detection.opportunity_detector  ✅ Chain 43114 (Avalanche) — block 79276329
2026-02-28 23:35:01  INFO      MODULE_1_LIQUIDATION_ENGINE.stage_1_detection.opportunity_detector  ✅ Chain 56 (BSC) — block 84009907
2026-02-28 23:35:01  INFO      MODULE_1_LIQUIDATION_ENGINE.stage_1_detection.opportunity_detector  ✅ Chain 324 (zkSync Era) — block 68836767
2026-02-28 23:35:01  INFO      MODULE_1_LIQUIDATION_ENGINE.stage_1_detection.opportunity_detector  🔍 Bootstrap: 182 borrowers from Aave V3 chain 1 (blocks 24559132-24561132)
2026-02-28 23:35:03  INFO      MODULE_1_LIQUIDATION_ENGINE.stage_1_detection.opportunity_detector  🔍 Bootstrap: 4 borrowers from Compound V3 chain 1 (blocks 24559132-24561132)
2026-02-28 23:35:03  INFO      MODULE_1_LIQUIDATION_ENGINE.stage_1_detection.opportunity_detector  🔍 Bootstrap: 1 borrowers from Compound V3 chain 8453 (blocks 42770577-42780577)
2026-02-28 23:35:03  INFO      MODULE_1_LIQUIDATION_ENGINE.stage_1_detection.opportunity_detector  🔍 Bootstrap complete: 187 unique users tracked
2026-02-28 23:35:03  INFO      MODULE_1_LIQUIDATION_ENGINE.stage_1_detection.opportunity_detector  Enhanced Detector ready — 8 chains, ML scoring enabled, preemptive threshold HF<1.2
2026-02-28 23:35:03  INFO      MODULE_1_LIQUIDATION_ENGINE.stage_1_detection.dex_arb_scanner  DEX Arb Scanner ready -- 5 chains with quoters, min profit $2.0
2026-02-28 23:35:03  INFO      MODULE_1_LIQUIDATION_ENGINE.stage_1_detection.omni_channel_bridge  🌐 Omni-Channel Bridge: Initializing subsystems...
📊 Quality Scorer initialized
2026-02-28 23:35:03  INFO      MODULE_1_LIQUIDATION_ENGINE.stage_1_detection.omni_channel_bridge    ✅ Quality Scorer ready
2026-02-28 23:35:03  INFO      MODULE_1_LIQUIDATION_ENGINE.stage_1_detection.omni_channel_bridge  🌐 Omni-Channel Bridge: 1/4 subsystems active, min profit $2.0
2026-02-28 23:35:03  INFO      MODULE_1_LIQUIDATION_ENGINE.pipeline  ▸ STAGE 1: Starting Mempool Monitor (background)…
2026-02-28 23:35:03  INFO      MODULE_1_LIQUIDATION_ENGINE.pipeline  
▸ GAS GATE: Checking execution readiness (+ gas abstraction)…

================================================================================
  GAS MANAGER — EXECUTION READINESS
================================================================================
  Ethereum      gas    0.0 gwei  cost 0.000013 (~$0.03)  balance 0.012370  ✅ READY
  Optimism      gas    0.0 gwei  cost 0.000000 (~$0.00)  balance 0.000000  ⛽ NEED GAS
  BSC           gas    0.1 gwei  cost 0.000021 (~$0.01)  balance 0.000000  ⛽ NEED GAS
  Polygon       gas  296.1 gwei  cost 0.124347 (~$0.06)  balance 0.000000  ⛽ NEED GAS ⚠️ ABOVE CAP
  zkSync Era    gas    0.0 gwei  cost 0.000019 (~$0.05)  balance 0.000000  ⛽ NEED GAS
  Base          gas    0.0 gwei  cost 0.000003 (~$0.01)  balance 0.003100  ✅ READY
  Arbitrum      gas    0.0 gwei  cost 0.000008 (~$0.02)  balance 0.000000  ⛽ NEED GAS
  Avalanche     gas    0.0 gwei  cost 0.000009 (~$0.00)  balance 0.000000  ⛽ NEED GAS

  ⭐ Cheapest: Base — $0.0063 per liquidation
================================================================================

================================================================================
  GAS ABSTRACTION — PAYMENT METHODS
================================================================================
  Chain     1  native=✅ (0.0124)  USDC=$0.00  gelato=—  bridge=—  → native
  Chain    10  native=❌ (0.0000)  USDC=$0.00  gelato=—  bridge=—  → native
  Chain    56  native=❌ (0.0000)  USDC=$0.00  gelato=—  bridge=—  → native
  Chain   137  native=❌ (0.0000)  USDC=$0.00  gelato=—  bridge=—  → native
  Chain   324  native=❌ (0.0000)  USDC=$0.00  gelato=—  bridge=—  → native
  Chain  8453  native=✅ (0.0031)  USDC=$0.00  gelato=—  bridge=—  → native
  Chain 42161  native=❌ (0.0000)  USDC=$0.00  gelato=—  bridge=—  → native
  Chain 43114  native=❌ (0.0000)  USDC=$0.00  gelato=—  bridge=—  → native
================================================================================
2026-02-28 23:35:12  INFO      MODULE_1_LIQUIDATION_ENGINE.pipeline  
🟢 MODE: FULL EXECUTION — 2 native + 0 abstracted chain(s)
2026-02-28 23:35:12  INFO      MODULE_1_LIQUIDATION_ENGINE.pipeline  
▸ STAGE 6: Initial Treasury Snapshot…

================================================================================
  STAGE 6 — TREASURY STATUS
================================================================================
  Ethereum      treasury 0.012370  executors 0.000000  total 0.012370
  Optimism      treasury 0.000000  executors 0.000000  total 0.000000
  BSC           treasury 0.000000  executors 0.000000  total 0.000000
  Polygon       treasury 0.000000  executors 0.000000  total 0.000000
  zkSync Era    treasury 0.000000  executors 0.000000  total 0.000000
  Base          treasury 0.003100  executors 0.000000  total 0.003100
  Arbitrum      treasury 0.000000  executors 0.000000  total 0.000000
  Avalanche     treasury 0.000000  executors 0.000000  total 0.000000

  💰 Total (USD): $38.67
  📈 Cumulative profit: $0.00
================================================================================
2026-02-28 23:35:16  INFO      MODULE_1_LIQUIDATION_ENGINE.pipeline  
▸ MODULE 9: Starting Omni-Scope Triangulation Engine…
2026-02-28 23:35:16  INFO      MODULE_9_OMNI_SCOPE.engine  
================================================================================
2026-02-28 23:35:16  INFO      MODULE_9_OMNI_SCOPE.engine    MODULE 9 — OMNI-SCOPE TRIANGULATION ENGINE
2026-02-28 23:35:16  INFO      MODULE_9_OMNI_SCOPE.engine    Predictive Omni-Directional Intelligence
2026-02-28 23:35:16  INFO      MODULE_9_OMNI_SCOPE.engine  ================================================================================
2026-02-28 23:35:16  INFO      MODULE_9_OMNI_SCOPE.engine    ✅ 6 detector arrays started
2026-02-28 23:35:16  INFO      MODULE_9_OMNI_SCOPE.engine    ✅ ML Ranker subscribed to DataBus
2026-02-28 23:35:16  INFO      MODULE_9_OMNI_SCOPE.engine    ✅ Zero-Capital Bootstrap ready
2026-02-28 23:35:16  INFO      MODULE_9_OMNI_SCOPE.engine  ================================================================================
2026-02-28 23:35:16  INFO      MODULE_1_LIQUIDATION_ENGINE.pipeline    ✅ 5 detector arrays active + ML ranker subscribed
2026-02-28 23:35:16  INFO      MODULE_1_LIQUIDATION_ENGINE.pipeline  
────────────────────────────────────────────────────────────────────────────────
2026-02-28 23:35:16  INFO      MODULE_1_LIQUIDATION_ENGINE.pipeline    ENTERING MAIN LOOP (Script 4 Enhanced Pipeline)
2026-02-28 23:35:16  INFO      MODULE_1_LIQUIDATION_ENGINE.pipeline  ────────────────────────────────────────────────────────────────────────────────
2026-02-28 23:35:16  INFO      MODULE_1_LIQUIDATION_ENGINE.pipeline  💓 Cycle 1 | 0.3min | users=187 | found=0 arbs=0 omni=0 profitable=0 executed=0/0 profit=$0.00
2026-02-28 23:35:39  WARNING   MODULE_1_LIQUIDATION_ENGINE.stage_1_detection.opportunity_detector  ⚠️ CRITICAL 0x8aE928CB08… HF=0.000 prob=100% profit=$-5.48 (Aave V2 chain 1)
2026-02-28 23:39:06  INFO      MODULE_1_LIQUIDATION_ENGINE.pipeline  📡 Stage 1: 1 opportunities (1 critical, 0 high, 0 NFT, 0 preemptive)
2026-02-28 23:39:06  INFO      MODULE_1_LIQUIDATION_ENGINE.stage_1_detection.mempool_monitor  🔍 Mempool Monitor started — watching for price-moving TXs
2026-02-28 23:39:06  INFO      MODULE_9_OMNI_SCOPE.array_1_mempool_radar.mempool_radar  📡 Array 1: Mempool Radar starting…
2026-02-28 23:39:06  INFO      MODULE_9_OMNI_SCOPE.array_1_mempool_radar.mempool_radar  📡 Mempool Radar: 1 provider(s) active
2026-02-28 23:39:06  INFO      MODULE_9_OMNI_SCOPE.array_2_contract_crawler.contract_crawler  🔍 Array 2: Contract Crawler starting…
2026-02-28 23:39:06  INFO      MODULE_9_OMNI_SCOPE.array_3_static_analysis.static_analyzer  🔬 Array 3: Static Analysis Engine starting…
2026-02-28 23:39:06  INFO      MODULE_9_OMNI_SCOPE.array_4_cross_chain_monitor.bridge_monitor  🌐 Array 4: Bridge Monitor starting…
2026-02-28 23:39:06  INFO      MODULE_9_OMNI_SCOPE.array_4_cross_chain_monitor.bridge_monitor  🌐 Graph built: 70 nodes, 312 bridge edges
2026-02-28 23:39:06  INFO      MODULE_9_OMNI_SCOPE.archive_indexer.deep_crawl  📚 Archive Indexer starting…
2026-02-28 23:39:06  INFO      MODULE_9_OMNI_SCOPE.alpha_seeker.sentiment_crawler  🔮 Alpha Seeker starting…
2026-02-28 23:39:08  INFO      MODULE_9_OMNI_SCOPE.array_1_mempool_radar.mempool_radar  📡 Connected to infura WebSocket
2026-02-28 23:39:16  INFO      MODULE_1_LIQUIDATION_ENGINE.pipeline  💓 Cycle 2 | 4.3min | users=187 | found=1 arbs=0 omni=0 profitable=0 executed=0/0 profit=$0.00
2026-02-28 23:39:16  INFO      MODULE_1_LIQUIDATION_ENGINE.stage_1_detection.opportunity_detector  🔍 +1 new borrowers on chain 1 (total: 188)
2026-02-28 23:39:42  WARNING   MODULE_1_LIQUIDATION_ENGINE.stage_1_detection.opportunity_detector  ⚠️ CRITICAL 0x8aE928CB08… HF=0.000 prob=100% profit=$-5.48 (Aave V2 chain 1)
2026-02-28 23:43:05  INFO      MODULE_1_LIQUIDATION_ENGINE.pipeline  📡 Stage 1: 1 opportunities (1 critical, 0 high, 0 NFT, 0 preemptive)
2026-02-28 23:43:06  INFO      MODULE_9_OMNI_SCOPE.array_1_mempool_radar.mempool_radar  📡 Connected to infura WebSocket
2026-02-28 23:43:15  INFO      MODULE_1_LIQUIDATION_ENGINE.pipeline  💓 Cycle 3 | 8.3min | users=188 | found=2 arbs=0 omni=0 profitable=0 executed=0/0 profit=$0.00
2026-02-28 23:43:16  INFO      MODULE_1_LIQUIDATION_ENGINE.stage_1_detection.opportunity_detector  🔍 +1 new borrowers on chain 1 (total: 189)
2026-02-28 23:43:40  WARNING   MODULE_1_LIQUIDATION_ENGINE.stage_1_detection.opportunity_detector  ⚠️ CRITICAL 0x8aE928CB08… HF=0.000 prob=100% profit=$-5.48 (Aave V2 chain 1)
2026-02-28 23:47:00  INFO      MODULE_1_LIQUIDATION_ENGINE.pipeline  📡 Stage 1: 1 opportunities (1 critical, 0 high, 0 NFT, 0 preemptive)
2026-02-28 23:47:01  INFO      MODULE_9_OMNI_SCOPE.array_1_mempool_radar.mempool_radar  📡 Connected to infura WebSocket
2026-02-28 23:47:35  WARNING   MODULE_1_LIQUIDATION_ENGINE.stage_1_detection.opportunity_detector  ⚠️ CRITICAL 0x8aE928CB08… HF=0.000 prob=100% profit=$-5.48 (Aave V2 chain 1)
2026-02-28 23:50:49  INFO      MODULE_1_LIQUIDATION_ENGINE.pipeline  📡 Stage 1: 1 opportunities (1 critical, 0 high, 0 NFT, 0 preemptive)
2026-02-28 23:50:50  INFO      MODULE_9_OMNI_SCOPE.array_1_mempool_radar.mempool_radar  📡 Connected to infura WebSocket
2026-02-28 23:51:25  WARNING   MODULE_1_LIQUIDATION_ENGINE.stage_1_detection.opportunity_detector  ⚠️ CRITICAL 0x8aE928CB08… HF=0.000 prob=100% profit=$-5.48 (Aave V2 chain 1)
2026-02-28 23:54:38  INFO      MODULE_1_LIQUIDATION_ENGINE.pipeline  📡 Stage 1: 1 opportunities (1 critical, 0 high, 0 NFT, 0 preemptive)
2026-02-28 23:54:39  INFO      MODULE_9_OMNI_SCOPE.array_1_mempool_radar.mempool_radar  📡 Connected to infura WebSocket
2026-02-28 23:54:48  INFO      MODULE_1_LIQUIDATION_ENGINE.stage_1_detection.opportunity_detector  🔍 +2 new borrowers on chain 1 (total: 191)
2026-02-28 23:55:13  WARNING   MODULE_1_LIQUIDATION_ENGINE.stage_1_detection.opportunity_detector  ⚠️ CRITICAL 0x8aE928CB08… HF=0.000 prob=100% profit=$-5.48 (Aave V2 chain 1)
2026-02-28 23:58:22  INFO      MODULE_1_LIQUIDATION_ENGINE.pipeline  📡 Stage 1: 1 opportunities (1 critical, 0 high, 0 NFT, 0 preemptive)
2026-02-28 23:58:23  INFO      MODULE_9_OMNI_SCOPE.array_1_mempool_radar.mempool_radar  📡 Connected to infura WebSocket
2026-02-28 23:58:32  INFO      MODULE_1_LIQUIDATION_ENGINE.pipeline  💓 Cycle 7 | 23.6min | users=191 | found=6 arbs=0 omni=0 profitable=0 executed=0/0 profit=$0.00
2026-02-28 23:58:32  INFO      MODULE_1_LIQUIDATION_ENGINE.stage_1_detection.opportunity_detector  🔍 +1 new borrowers on chain 1 (total: 192)
